Warning : only hits between 11h and 12h have been taken into account
/SiteWebIF/Intranet-etudiant.php (2 hits)
/ (1 hits)
/SiteWebIF/Intranet-etudiant.php?ticket=ST-19003-iWUXxygHfEPoGzBotWq0-dsi-vm04 (1 hits)
/cache/caa37016007b56628f231acfd3d91188 (1 hits)
/temps/ (1 hits)
/temps/3IF37.html (1 hits)
/temps/index.html (1 hits)
Dot-file graph.dot generated
