Fichier introuvable veuillez réessayer avec une entrée valide.
