Warning : only hits between 11h and 12h have been taken into account
/SiteWebIF/Intranet-etudiant.php (4 hits)
/notesif (2 hits)
/notesif/ (2 hits)
/SiteWebIF/Intranet-etudiant.php?ticket=ST-19118-EabntXV7HXc1iIbI5sou-dsi-vm04 (1 hits)
/SiteWebIF/Intranet-etudiant.php?ticket=ST-341866-kd9uCwjkxLkydUzKTbsD-dsi-vm03 (1 hits)
/stages/FondInsa.jpg (1 hits)
/stages/InsaIF.ico (1 hits)
/stages/bandeauFinal.jpg (1 hits)
/stages/style_pfe.css (1 hits)
/temps/ (1 hits)
