/SiteWebIF/Intranet-etudiant.php (2 hits)
/temps/3IF38.html (2 hits)
/SiteWebIF/Intranet-etudiant.php?ticket=ST-341667-KHlNEzic9e5btb4JQ1Nw-dsi-vm03 (1 hits)
/favicon.ico (1 hits)
/temps/ (1 hits)
/temps/3IF37.html (1 hits)
/temps/3IF39.html (1 hits)
/temps/4IF16.html (1 hits)
/temps/4IF17.html (1 hits)
/temps/4IF18.html (1 hits)
Dot-file graph.dot generated
